// Jest Snapshot v1, https://goo.gl/fbAQLP

exports[`<About /> should render correctly with no props 1`] = `
ShallowWrapper {
  Symbol(enzyme.__root__): [Circular],
  Symbol(enzyme.__unrendered__): <About />,
  Symbol(enzyme.__renderer__): Object {
    "batchedUpdates": [Function],
    "getNode": [Function],
    "render": [Function],
    "simulateError": [Function],
    "simulateEvent": [Function],
    "unmount": [Function],
  },
  Symbol(enzyme.__node__): Object {
    "instance": null,
    "key": undefined,
    "nodeType": "host",
    "props": Object {
      "children": Array [
        <header>
          <h1>
            About
          </h1>
        </header>,
        <section>
          <p>
            Lorem ipsum dolor sit amet, consectetur adipiscing elit, sed do eiusmod tempor incididunt ut labore et dolore magna aliqua. Eu nisl nunc mi ipsum faucibus vitae aliquet nec ullamcorper. Lectus proin nibh nisl condimentum id venenatis a condimentum. Gravida dictum fusce ut placerat. Viverra orci sagittis eu volutpat odio facilisis mauris sit. Felis eget velit aliquet sagittis id consectetur purus ut. Vitae purus faucibus ornare suspendisse sed nisi lacus sed viverra. Cursus euismod quis viverra nibh cras pulvinar mattis nunc. Faucibus ornare suspendisse sed nisi lacus. At in tellus integer feugiat scelerisque varius morbi enim. At imperdiet dui accumsan sit. Adipiscing commodo elit at imperdiet dui accumsan sit amet.
          </p>
          <p>
            Rutrum tellus pellentesque eu tincidunt tortor aliquam nulla. Viverra justo nec ultrices dui. Etiam dignissim diam quis enim lobortis scelerisque fermentum dui. Nibh mauris cursus mattis molestie a iaculis at. Consequat id porta nibh venenatis cras sed felis eget. Tincidunt ornare massa eget egestas purus viverra accumsan. Pharetra magna ac placerat vestibulum lectus mauris ultrices eros in. Feugiat nisl pretium fusce id. Pharetra massa massa ultricies mi quis hendrerit dolor. Enim tortor at auctor urna. Eu turpis egestas pretium aenean pharetra magna.
          </p>
          <p>
            Arcu vitae elementum curabitur vitae nunc sed velit dignissim. Tortor posuere ac ut consequat. Risus quis varius quam quisque id diam vel. Nisl purus in mollis nunc sed id. Mi proin sed libero enim sed faucibus turpis. Est sit amet facilisis magna etiam tempor orci. In cursus turpis massa tincidunt dui ut ornare lectus. Habitant morbi tristique senectus et netus et. Commodo viverra maecenas accumsan lacus vel facilisis volutpat est velit. Neque convallis a cras semper auctor neque vitae tempus quam. Fermentum leo vel orci porta non pulvinar neque laoreet suspendisse. Amet luctus venenatis lectus magna fringilla urna porttitor. Enim ut sem viverra aliquet eget. Maecenas ultricies mi eget mauris pharetra et ultrices neque ornare. Tristique magna sit amet purus gravida quis blandit. Tortor pretium viverra suspendisse potenti nullam ac tortor vitae. Etiam sit amet nisl purus in mollis nunc sed.
          </p>
          <p>
            Tellus molestie nunc non blandit massa enim nec. Aliquam sem fringilla ut morbi tincidunt augue interdum. Molestie nunc non blandit massa enim nec dui nunc mattis. Sit amet cursus sit amet dictum sit amet justo donec. Est ullamcorper eget nulla facilisi. Aliquam eleifend mi in nulla posuere. Cursus mattis molestie a iaculis. Consequat nisl vel pretium lectus. Elit at imperdiet dui accumsan sit amet. Ac tortor dignissim convallis aenean et tortor at risus. Dui accumsan sit amet nulla facilisi morbi tempus iaculis urna. Id volutpat lacus laoreet non curabitur. Fusce ut placerat orci nulla pellentesque dignissim enim sit amet. Sed viverra tellus in hac habitasse platea. Mus mauris vitae ultricies leo integer malesuada nunc vel risus.
          </p>
          <p>
            Mauris in aliquam sem fringilla ut. Ut etiam sit amet nisl purus in mollis. Massa ultricies mi quis hendrerit dolor magna eget est. Amet risus nullam eget felis eget nunc lobortis mattis. Quam quisque id diam vel quam elementum pulvinar etiam non. Pretium fusce id velit ut tortor pretium viverra suspendisse potenti. Senectus et netus et malesuada fames ac. Id leo in vitae turpis massa sed elementum tempus. Ultrices dui sapien eget mi. Nascetur ridiculus mus mauris vitae ultricies leo integer malesuada nunc. Mollis aliquam ut porttitor leo a diam. Mauris ultrices eros in cursus turpis massa tincidunt dui ut. In fermentum posuere urna nec tincidunt praesent semper feugiat. Id semper risus in hendrerit gravida rutrum quisque. Lorem sed risus ultricies tristique. Gravida dictum fusce ut placerat orci nulla pellentesque dignissim. Consectetur a erat nam at lectus urna duis.
          </p>
        </section>,
      ],
      "className": "about",
    },
    "ref": null,
    "rendered": Array [
      Object {
        "instance": null,
        "key": undefined,
        "nodeType": "host",
        "props": Object {
          "children": <h1>
            About
          </h1>,
        },
        "ref": null,
        "rendered": Object {
          "instance": null,
          "key": undefined,
          "nodeType": "host",
          "props": Object {
            "children": "About",
          },
          "ref": null,
          "rendered": "About",
          "type": "h1",
        },
        "type": "header",
      },
      Object {
        "instance": null,
        "key": undefined,
        "nodeType": "host",
        "props": Object {
          "children": Array [
            <p>
              Lorem ipsum dolor sit amet, consectetur adipiscing elit, sed do eiusmod tempor incididunt ut labore et dolore magna aliqua. Eu nisl nunc mi ipsum faucibus vitae aliquet nec ullamcorper. Lectus proin nibh nisl condimentum id venenatis a condimentum. Gravida dictum fusce ut placerat. Viverra orci sagittis eu volutpat odio facilisis mauris sit. Felis eget velit aliquet sagittis id consectetur purus ut. Vitae purus faucibus ornare suspendisse sed nisi lacus sed viverra. Cursus euismod quis viverra nibh cras pulvinar mattis nunc. Faucibus ornare suspendisse sed nisi lacus. At in tellus integer feugiat scelerisque varius morbi enim. At imperdiet dui accumsan sit. Adipiscing commodo elit at imperdiet dui accumsan sit amet.
            </p>,
            <p>
              Rutrum tellus pellentesque eu tincidunt tortor aliquam nulla. Viverra justo nec ultrices dui. Etiam dignissim diam quis enim lobortis scelerisque fermentum dui. Nibh mauris cursus mattis molestie a iaculis at. Consequat id porta nibh venenatis cras sed felis eget. Tincidunt ornare massa eget egestas purus viverra accumsan. Pharetra magna ac placerat vestibulum lectus mauris ultrices eros in. Feugiat nisl pretium fusce id. Pharetra massa massa ultricies mi quis hendrerit dolor. Enim tortor at auctor urna. Eu turpis egestas pretium aenean pharetra magna.
            </p>,
            <p>
              Arcu vitae elementum curabitur vitae nunc sed velit dignissim. Tortor posuere ac ut consequat. Risus quis varius quam quisque id diam vel. Nisl purus in mollis nunc sed id. Mi proin sed libero enim sed faucibus turpis. Est sit amet facilisis magna etiam tempor orci. In cursus turpis massa tincidunt dui ut ornare lectus. Habitant morbi tristique senectus et netus et. Commodo viverra maecenas accumsan lacus vel facilisis volutpat est velit. Neque convallis a cras semper auctor neque vitae tempus quam. Fermentum leo vel orci porta non pulvinar neque laoreet suspendisse. Amet luctus venenatis lectus magna fringilla urna porttitor. Enim ut sem viverra aliquet eget. Maecenas ultricies mi eget mauris pharetra et ultrices neque ornare. Tristique magna sit amet purus gravida quis blandit. Tortor pretium viverra suspendisse potenti nullam ac tortor vitae. Etiam sit amet nisl purus in mollis nunc sed.
            </p>,
            <p>
              Tellus molestie nunc non blandit massa enim nec. Aliquam sem fringilla ut morbi tincidunt augue interdum. Molestie nunc non blandit massa enim nec dui nunc mattis. Sit amet cursus sit amet dictum sit amet justo donec. Est ullamcorper eget nulla facilisi. Aliquam eleifend mi in nulla posuere. Cursus mattis molestie a iaculis. Consequat nisl vel pretium lectus. Elit at imperdiet dui accumsan sit amet. Ac tortor dignissim convallis aenean et tortor at risus. Dui accumsan sit amet nulla facilisi morbi tempus iaculis urna. Id volutpat lacus laoreet non curabitur. Fusce ut placerat orci nulla pellentesque dignissim enim sit amet. Sed viverra tellus in hac habitasse platea. Mus mauris vitae ultricies leo integer malesuada nunc vel risus.
            </p>,
            <p>
              Mauris in aliquam sem fringilla ut. Ut etiam sit amet nisl purus in mollis. Massa ultricies mi quis hendrerit dolor magna eget est. Amet risus nullam eget felis eget nunc lobortis mattis. Quam quisque id diam vel quam elementum pulvinar etiam non. Pretium fusce id velit ut tortor pretium viverra suspendisse potenti. Senectus et netus et malesuada fames ac. Id leo in vitae turpis massa sed elementum tempus. Ultrices dui sapien eget mi. Nascetur ridiculus mus mauris vitae ultricies leo integer malesuada nunc. Mollis aliquam ut porttitor leo a diam. Mauris ultrices eros in cursus turpis massa tincidunt dui ut. In fermentum posuere urna nec tincidunt praesent semper feugiat. Id semper risus in hendrerit gravida rutrum quisque. Lorem sed risus ultricies tristique. Gravida dictum fusce ut placerat orci nulla pellentesque dignissim. Consectetur a erat nam at lectus urna duis.
            </p>,
          ],
        },
        "ref": null,
        "rendered": Array [
          Object {
            "instance": null,
            "key": undefined,
            "nodeType": "host",
            "props": Object {
              "children": "Lorem ipsum dolor sit amet, consectetur adipiscing elit, sed do eiusmod tempor incididunt ut labore et dolore magna aliqua. Eu nisl nunc mi ipsum faucibus vitae aliquet nec ullamcorper. Lectus proin nibh nisl condimentum id venenatis a condimentum. Gravida dictum fusce ut placerat. Viverra orci sagittis eu volutpat odio facilisis mauris sit. Felis eget velit aliquet sagittis id consectetur purus ut. Vitae purus faucibus ornare suspendisse sed nisi lacus sed viverra. Cursus euismod quis viverra nibh cras pulvinar mattis nunc. Faucibus ornare suspendisse sed nisi lacus. At in tellus integer feugiat scelerisque varius morbi enim. At imperdiet dui accumsan sit. Adipiscing commodo elit at imperdiet dui accumsan sit amet.",
            },
            "ref": null,
            "rendered": "Lorem ipsum dolor sit amet, consectetur adipiscing elit, sed do eiusmod tempor incididunt ut labore et dolore magna aliqua. Eu nisl nunc mi ipsum faucibus vitae aliquet nec ullamcorper. Lectus proin nibh nisl condimentum id venenatis a condimentum. Gravida dictum fusce ut placerat. Viverra orci sagittis eu volutpat odio facilisis mauris sit. Felis eget velit aliquet sagittis id consectetur purus ut. Vitae purus faucibus ornare suspendisse sed nisi lacus sed viverra. Cursus euismod quis viverra nibh cras pulvinar mattis nunc. Faucibus ornare suspendisse sed nisi lacus. At in tellus integer feugiat scelerisque varius morbi enim. At imperdiet dui accumsan sit. Adipiscing commodo elit at imperdiet dui accumsan sit amet.",
            "type": "p",
          },
          Object {
            "instance": null,
            "key": undefined,
            "nodeType": "host",
            "props": Object {
              "children": "Rutrum tellus pellentesque eu tincidunt tortor aliquam nulla. Viverra justo nec ultrices dui. Etiam dignissim diam quis enim lobortis scelerisque fermentum dui. Nibh mauris cursus mattis molestie a iaculis at. Consequat id porta nibh venenatis cras sed felis eget. Tincidunt ornare massa eget egestas purus viverra accumsan. Pharetra magna ac placerat vestibulum lectus mauris ultrices eros in. Feugiat nisl pretium fusce id. Pharetra massa massa ultricies mi quis hendrerit dolor. Enim tortor at auctor urna. Eu turpis egestas pretium aenean pharetra magna.",
            },
            "ref": null,
            "rendered": "Rutrum tellus pellentesque eu tincidunt tortor aliquam nulla. Viverra justo nec ultrices dui. Etiam dignissim diam quis enim lobortis scelerisque fermentum dui. Nibh mauris cursus mattis molestie a iaculis at. Consequat id porta nibh venenatis cras sed felis eget. Tincidunt ornare massa eget egestas purus viverra accumsan. Pharetra magna ac placerat vestibulum lectus mauris ultrices eros in. Feugiat nisl pretium fusce id. Pharetra massa massa ultricies mi quis hendrerit dolor. Enim tortor at auctor urna. Eu turpis egestas pretium aenean pharetra magna.",
            "type": "p",
          },
          Object {
            "instance": null,
            "key": undefined,
            "nodeType": "host",
            "props": Object {
              "children": "Arcu vitae elementum curabitur vitae nunc sed velit dignissim. Tortor posuere ac ut consequat. Risus quis varius quam quisque id diam vel. Nisl purus in mollis nunc sed id. Mi proin sed libero enim sed faucibus turpis. Est sit amet facilisis magna etiam tempor orci. In cursus turpis massa tincidunt dui ut ornare lectus. Habitant morbi tristique senectus et netus et. Commodo viverra maecenas accumsan lacus vel facilisis volutpat est velit. Neque convallis a cras semper auctor neque vitae tempus quam. Fermentum leo vel orci porta non pulvinar neque laoreet suspendisse. Amet luctus venenatis lectus magna fringilla urna porttitor. Enim ut sem viverra aliquet eget. Maecenas ultricies mi eget mauris pharetra et ultrices neque ornare. Tristique magna sit amet purus gravida quis blandit. Tortor pretium viverra suspendisse potenti nullam ac tortor vitae. Etiam sit amet nisl purus in mollis nunc sed.",
            },
            "ref": null,
            "rendered": "Arcu vitae elementum curabitur vitae nunc sed velit dignissim. Tortor posuere ac ut consequat. Risus quis varius quam quisque id diam vel. Nisl purus in mollis nunc sed id. Mi proin sed libero enim sed faucibus turpis. Est sit amet facilisis magna etiam tempor orci. In cursus turpis massa tincidunt dui ut ornare lectus. Habitant morbi tristique senectus et netus et. Commodo viverra maecenas accumsan lacus vel facilisis volutpat est velit. Neque convallis a cras semper auctor neque vitae tempus quam. Fermentum leo vel orci porta non pulvinar neque laoreet suspendisse. Amet luctus venenatis lectus magna fringilla urna porttitor. Enim ut sem viverra aliquet eget. Maecenas ultricies mi eget mauris pharetra et ultrices neque ornare. Tristique magna sit amet purus gravida quis blandit. Tortor pretium viverra suspendisse potenti nullam ac tortor vitae. Etiam sit amet nisl purus in mollis nunc sed.",
            "type": "p",
          },
          Object {
            "instance": null,
            "key": undefined,
            "nodeType": "host",
            "props": Object {
              "children": "Tellus molestie nunc non blandit massa enim nec. Aliquam sem fringilla ut morbi tincidunt augue interdum. Molestie nunc non blandit massa enim nec dui nunc mattis. Sit amet cursus sit amet dictum sit amet justo donec. Est ullamcorper eget nulla facilisi. Aliquam eleifend mi in nulla posuere. Cursus mattis molestie a iaculis. Consequat nisl vel pretium lectus. Elit at imperdiet dui accumsan sit amet. Ac tortor dignissim convallis aenean et tortor at risus. Dui accumsan sit amet nulla facilisi morbi tempus iaculis urna. Id volutpat lacus laoreet non curabitur. Fusce ut placerat orci nulla pellentesque dignissim enim sit amet. Sed viverra tellus in hac habitasse platea. Mus mauris vitae ultricies leo integer malesuada nunc vel risus.",
            },
            "ref": null,
            "rendered": "Tellus molestie nunc non blandit massa enim nec. Aliquam sem fringilla ut morbi tincidunt augue interdum. Molestie nunc non blandit massa enim nec dui nunc mattis. Sit amet cursus sit amet dictum sit amet justo donec. Est ullamcorper eget nulla facilisi. Aliquam eleifend mi in nulla posuere. Cursus mattis molestie a iaculis. Consequat nisl vel pretium lectus. Elit at imperdiet dui accumsan sit amet. Ac tortor dignissim convallis aenean et tortor at risus. Dui accumsan sit amet nulla facilisi morbi tempus iaculis urna. Id volutpat lacus laoreet non curabitur. Fusce ut placerat orci nulla pellentesque dignissim enim sit amet. Sed viverra tellus in hac habitasse platea. Mus mauris vitae ultricies leo integer malesuada nunc vel risus.",
            "type": "p",
          },
          Object {
            "instance": null,
            "key": undefined,
            "nodeType": "host",
            "props": Object {
              "children": "Mauris in aliquam sem fringilla ut. Ut etiam sit amet nisl purus in mollis. Massa ultricies mi quis hendrerit dolor magna eget est. Amet risus nullam eget felis eget nunc lobortis mattis. Quam quisque id diam vel quam elementum pulvinar etiam non. Pretium fusce id velit ut tortor pretium viverra suspendisse potenti. Senectus et netus et malesuada fames ac. Id leo in vitae turpis massa sed elementum tempus. Ultrices dui sapien eget mi. Nascetur ridiculus mus mauris vitae ultricies leo integer malesuada nunc. Mollis aliquam ut porttitor leo a diam. Mauris ultrices eros in cursus turpis massa tincidunt dui ut. In fermentum posuere urna nec tincidunt praesent semper feugiat. Id semper risus in hendrerit gravida rutrum quisque. Lorem sed risus ultricies tristique. Gravida dictum fusce ut placerat orci nulla pellentesque dignissim. Consectetur a erat nam at lectus urna duis.",
            },
            "ref": null,
            "rendered": "Mauris in aliquam sem fringilla ut. Ut etiam sit amet nisl purus in mollis. Massa ultricies mi quis hendrerit dolor magna eget est. Amet risus nullam eget felis eget nunc lobortis mattis. Quam quisque id diam vel quam elementum pulvinar etiam non. Pretium fusce id velit ut tortor pretium viverra suspendisse potenti. Senectus et netus et malesuada fames ac. Id leo in vitae turpis massa sed elementum tempus. Ultrices dui sapien eget mi. Nascetur ridiculus mus mauris vitae ultricies leo integer malesuada nunc. Mollis aliquam ut porttitor leo a diam. Mauris ultrices eros in cursus turpis massa tincidunt dui ut. In fermentum posuere urna nec tincidunt praesent semper feugiat. Id semper risus in hendrerit gravida rutrum quisque. Lorem sed risus ultricies tristique. Gravida dictum fusce ut placerat orci nulla pellentesque dignissim. Consectetur a erat nam at lectus urna duis.",
            "type": "p",
          },
        ],
        "type": "section",
      },
    ],
    "type": "main",
  },
  Symbol(enzyme.__nodes__): Array [
    Object {
      "instance": null,
      "key": undefined,
      "nodeType": "host",
      "props": Object {
        "children": Array [
          <header>
            <h1>
              About
            </h1>
          </header>,
          <section>
            <p>
              Lorem ipsum dolor sit amet, consectetur adipiscing elit, sed do eiusmod tempor incididunt ut labore et dolore magna aliqua. Eu nisl nunc mi ipsum faucibus vitae aliquet nec ullamcorper. Lectus proin nibh nisl condimentum id venenatis a condimentum. Gravida dictum fusce ut placerat. Viverra orci sagittis eu volutpat odio facilisis mauris sit. Felis eget velit aliquet sagittis id consectetur purus ut. Vitae purus faucibus ornare suspendisse sed nisi lacus sed viverra. Cursus euismod quis viverra nibh cras pulvinar mattis nunc. Faucibus ornare suspendisse sed nisi lacus. At in tellus integer feugiat scelerisque varius morbi enim. At imperdiet dui accumsan sit. Adipiscing commodo elit at imperdiet dui accumsan sit amet.
            </p>
            <p>
              Rutrum tellus pellentesque eu tincidunt tortor aliquam nulla. Viverra justo nec ultrices dui. Etiam dignissim diam quis enim lobortis scelerisque fermentum dui. Nibh mauris cursus mattis molestie a iaculis at. Consequat id porta nibh venenatis cras sed felis eget. Tincidunt ornare massa eget egestas purus viverra accumsan. Pharetra magna ac placerat vestibulum lectus mauris ultrices eros in. Feugiat nisl pretium fusce id. Pharetra massa massa ultricies mi quis hendrerit dolor. Enim tortor at auctor urna. Eu turpis egestas pretium aenean pharetra magna.
            </p>
            <p>
              Arcu vitae elementum curabitur vitae nunc sed velit dignissim. Tortor posuere ac ut consequat. Risus quis varius quam quisque id diam vel. Nisl purus in mollis nunc sed id. Mi proin sed libero enim sed faucibus turpis. Est sit amet facilisis magna etiam tempor orci. In cursus turpis massa tincidunt dui ut ornare lectus. Habitant morbi tristique senectus et netus et. Commodo viverra maecenas accumsan lacus vel facilisis volutpat est velit. Neque convallis a cras semper auctor neque vitae tempus quam. Fermentum leo vel orci porta non pulvinar neque laoreet suspendisse. Amet luctus venenatis lectus magna fringilla urna porttitor. Enim ut sem viverra aliquet eget. Maecenas ultricies mi eget mauris pharetra et ultrices neque ornare. Tristique magna sit amet purus gravida quis blandit. Tortor pretium viverra suspendisse potenti nullam ac tortor vitae. Etiam sit amet nisl purus in mollis nunc sed.
            </p>
            <p>
              Tellus molestie nunc non blandit massa enim nec. Aliquam sem fringilla ut morbi tincidunt augue interdum. Molestie nunc non blandit massa enim nec dui nunc mattis. Sit amet cursus sit amet dictum sit amet justo donec. Est ullamcorper eget nulla facilisi. Aliquam eleifend mi in nulla posuere. Cursus mattis molestie a iaculis. Consequat nisl vel pretium lectus. Elit at imperdiet dui accumsan sit amet. Ac tortor dignissim convallis aenean et tortor at risus. Dui accumsan sit amet nulla facilisi morbi tempus iaculis urna. Id volutpat lacus laoreet non curabitur. Fusce ut placerat orci nulla pellentesque dignissim enim sit amet. Sed viverra tellus in hac habitasse platea. Mus mauris vitae ultricies leo integer malesuada nunc vel risus.
            </p>
            <p>
              Mauris in aliquam sem fringilla ut. Ut etiam sit amet nisl purus in mollis. Massa ultricies mi quis hendrerit dolor magna eget est. Amet risus nullam eget felis eget nunc lobortis mattis. Quam quisque id diam vel quam elementum pulvinar etiam non. Pretium fusce id velit ut tortor pretium viverra suspendisse potenti. Senectus et netus et malesuada fames ac. Id leo in vitae turpis massa sed elementum tempus. Ultrices dui sapien eget mi. Nascetur ridiculus mus mauris vitae ultricies leo integer malesuada nunc. Mollis aliquam ut porttitor leo a diam. Mauris ultrices eros in cursus turpis massa tincidunt dui ut. In fermentum posuere urna nec tincidunt praesent semper feugiat. Id semper risus in hendrerit gravida rutrum quisque. Lorem sed risus ultricies tristique. Gravida dictum fusce ut placerat orci nulla pellentesque dignissim. Consectetur a erat nam at lectus urna duis.
            </p>
          </section>,
        ],
        "className": "about",
      },
      "ref": null,
      "rendered": Array [
        Object {
          "instance": null,
          "key": undefined,
          "nodeType": "host",
          "props": Object {
            "children": <h1>
              About
            </h1>,
          },
          "ref": null,
          "rendered": Object {
            "instance": null,
            "key": undefined,
            "nodeType": "host",
            "props": Object {
              "children": "About",
            },
            "ref": null,
            "rendered": "About",
            "type": "h1",
          },
          "type": "header",
        },
        Object {
          "instance": null,
          "key": undefined,
          "nodeType": "host",
          "props": Object {
            "children": Array [
              <p>
                Lorem ipsum dolor sit amet, consectetur adipiscing elit, sed do eiusmod tempor incididunt ut labore et dolore magna aliqua. Eu nisl nunc mi ipsum faucibus vitae aliquet nec ullamcorper. Lectus proin nibh nisl condimentum id venenatis a condimentum. Gravida dictum fusce ut placerat. Viverra orci sagittis eu volutpat odio facilisis mauris sit. Felis eget velit aliquet sagittis id consectetur purus ut. Vitae purus faucibus ornare suspendisse sed nisi lacus sed viverra. Cursus euismod quis viverra nibh cras pulvinar mattis nunc. Faucibus ornare suspendisse sed nisi lacus. At in tellus integer feugiat scelerisque varius morbi enim. At imperdiet dui accumsan sit. Adipiscing commodo elit at imperdiet dui accumsan sit amet.
              </p>,
              <p>
                Rutrum tellus pellentesque eu tincidunt tortor aliquam nulla. Viverra justo nec ultrices dui. Etiam dignissim diam quis enim lobortis scelerisque fermentum dui. Nibh mauris cursus mattis molestie a iaculis at. Consequat id porta nibh venenatis cras sed felis eget. Tincidunt ornare massa eget egestas purus viverra accumsan. Pharetra magna ac placerat vestibulum lectus mauris ultrices eros in. Feugiat nisl pretium fusce id. Pharetra massa massa ultricies mi quis hendrerit dolor. Enim tortor at auctor urna. Eu turpis egestas pretium aenean pharetra magna.
              </p>,
              <p>
                Arcu vitae elementum curabitur vitae nunc sed velit dignissim. Tortor posuere ac ut consequat. Risus quis varius quam quisque id diam vel. Nisl purus in mollis nunc sed id. Mi proin sed libero enim sed faucibus turpis. Est sit amet facilisis magna etiam tempor orci. In cursus turpis massa tincidunt dui ut ornare lectus. Habitant morbi tristique senectus et netus et. Commodo viverra maecenas accumsan lacus vel facilisis volutpat est velit. Neque convallis a cras semper auctor neque vitae tempus quam. Fermentum leo vel orci porta non pulvinar neque laoreet suspendisse. Amet luctus venenatis lectus magna fringilla urna porttitor. Enim ut sem viverra aliquet eget. Maecenas ultricies mi eget mauris pharetra et ultrices neque ornare. Tristique magna sit amet purus gravida quis blandit. Tortor pretium viverra suspendisse potenti nullam ac tortor vitae. Etiam sit amet nisl purus in mollis nunc sed.
              </p>,
              <p>
                Tellus molestie nunc non blandit massa enim nec. Aliquam sem fringilla ut morbi tincidunt augue interdum. Molestie nunc non blandit massa enim nec dui nunc mattis. Sit amet cursus sit amet dictum sit amet justo donec. Est ullamcorper eget nulla facilisi. Aliquam eleifend mi in nulla posuere. Cursus mattis molestie a iaculis. Consequat nisl vel pretium lectus. Elit at imperdiet dui accumsan sit amet. Ac tortor dignissim convallis aenean et tortor at risus. Dui accumsan sit amet nulla facilisi morbi tempus iaculis urna. Id volutpat lacus laoreet non curabitur. Fusce ut placerat orci nulla pellentesque dignissim enim sit amet. Sed viverra tellus in hac habitasse platea. Mus mauris vitae ultricies leo integer malesuada nunc vel risus.
              </p>,
              <p>
                Mauris in aliquam sem fringilla ut. Ut etiam sit amet nisl purus in mollis. Massa ultricies mi quis hendrerit dolor magna eget est. Amet risus nullam eget felis eget nunc lobortis mattis. Quam quisque id diam vel quam elementum pulvinar etiam non. Pretium fusce id velit ut tortor pretium viverra suspendisse potenti. Senectus et netus et malesuada fames ac. Id leo in vitae turpis massa sed elementum tempus. Ultrices dui sapien eget mi. Nascetur ridiculus mus mauris vitae ultricies leo integer malesuada nunc. Mollis aliquam ut porttitor leo a diam. Mauris ultrices eros in cursus turpis massa tincidunt dui ut. In fermentum posuere urna nec tincidunt praesent semper feugiat. Id semper risus in hendrerit gravida rutrum quisque. Lorem sed risus ultricies tristique. Gravida dictum fusce ut placerat orci nulla pellentesque dignissim. Consectetur a erat nam at lectus urna duis.
              </p>,
            ],
          },
          "ref": null,
          "rendered": Array [
            Object {
              "instance": null,
              "key": undefined,
              "nodeType": "host",
              "props": Object {
                "children": "Lorem ipsum dolor sit amet, consectetur adipiscing elit, sed do eiusmod tempor incididunt ut labore et dolore magna aliqua. Eu nisl nunc mi ipsum faucibus vitae aliquet nec ullamcorper. Lectus proin nibh nisl condimentum id venenatis a condimentum. Gravida dictum fusce ut placerat. Viverra orci sagittis eu volutpat odio facilisis mauris sit. Felis eget velit aliquet sagittis id consectetur purus ut. Vitae purus faucibus ornare suspendisse sed nisi lacus sed viverra. Cursus euismod quis viverra nibh cras pulvinar mattis nunc. Faucibus ornare suspendisse sed nisi lacus. At in tellus integer feugiat scelerisque varius morbi enim. At imperdiet dui accumsan sit. Adipiscing commodo elit at imperdiet dui accumsan sit amet.",
              },
              "ref": null,
              "rendered": "Lorem ipsum dolor sit amet, consectetur adipiscing elit, sed do eiusmod tempor incididunt ut labore et dolore magna aliqua. Eu nisl nunc mi ipsum faucibus vitae aliquet nec ullamcorper. Lectus proin nibh nisl condimentum id venenatis a condimentum. Gravida dictum fusce ut placerat. Viverra orci sagittis eu volutpat odio facilisis mauris sit. Felis eget velit aliquet sagittis id consectetur purus ut. Vitae purus faucibus ornare suspendisse sed nisi lacus sed viverra. Cursus euismod quis viverra nibh cras pulvinar mattis nunc. Faucibus ornare suspendisse sed nisi lacus. At in tellus integer feugiat scelerisque varius morbi enim. At imperdiet dui accumsan sit. Adipiscing commodo elit at imperdiet dui accumsan sit amet.",
              "type": "p",
            },
            Object {
              "instance": null,
              "key": undefined,
              "nodeType": "host",
              "props": Object {
                "children": "Rutrum tellus pellentesque eu tincidunt tortor aliquam nulla. Viverra justo nec ultrices dui. Etiam dignissim diam quis enim lobortis scelerisque fermentum dui. Nibh mauris cursus mattis molestie a iaculis at. Consequat id porta nibh venenatis cras sed felis eget. Tincidunt ornare massa eget egestas purus viverra accumsan. Pharetra magna ac placerat vestibulum lectus mauris ultrices eros in. Feugiat nisl pretium fusce id. Pharetra massa massa ultricies mi quis hendrerit dolor. Enim tortor at auctor urna. Eu turpis egestas pretium aenean pharetra magna.",
              },
              "ref": null,
              "rendered": "Rutrum tellus pellentesque eu tincidunt tortor aliquam nulla. Viverra justo nec ultrices dui. Etiam dignissim diam quis enim lobortis scelerisque fermentum dui. Nibh mauris cursus mattis molestie a iaculis at. Consequat id porta nibh venenatis cras sed felis eget. Tincidunt ornare massa eget egestas purus viverra accumsan. Pharetra magna ac placerat vestibulum lectus mauris ultrices eros in. Feugiat nisl pretium fusce id. Pharetra massa massa ultricies mi quis hendrerit dolor. Enim tortor at auctor urna. Eu turpis egestas pretium aenean pharetra magna.",
              "type": "p",
            },
            Object {
              "instance": null,
              "key": undefined,
              "nodeType": "host",
              "props": Object {
                "children": "Arcu vitae elementum curabitur vitae nunc sed velit dignissim. Tortor posuere ac ut consequat. Risus quis varius quam quisque id diam vel. Nisl purus in mollis nunc sed id. Mi proin sed libero enim sed faucibus turpis. Est sit amet facilisis magna etiam tempor orci. In cursus turpis massa tincidunt dui ut ornare lectus. Habitant morbi tristique senectus et netus et. Commodo viverra maecenas accumsan lacus vel facilisis volutpat est velit. Neque convallis a cras semper auctor neque vitae tempus quam. Fermentum leo vel orci porta non pulvinar neque laoreet suspendisse. Amet luctus venenatis lectus magna fringilla urna porttitor. Enim ut sem viverra aliquet eget. Maecenas ultricies mi eget mauris pharetra et ultrices neque ornare. Tristique magna sit amet purus gravida quis blandit. Tortor pretium viverra suspendisse potenti nullam ac tortor vitae. Etiam sit amet nisl purus in mollis nunc sed.",
              },
              "ref": null,
              "rendered": "Arcu vitae elementum curabitur vitae nunc sed velit dignissim. Tortor posuere ac ut consequat. Risus quis varius quam quisque id diam vel. Nisl purus in mollis nunc sed id. Mi proin sed libero enim sed faucibus turpis. Est sit amet facilisis magna etiam tempor orci. In cursus turpis massa tincidunt dui ut ornare lectus. Habitant morbi tristique senectus et netus et. Commodo viverra maecenas accumsan lacus vel facilisis volutpat est velit. Neque convallis a cras semper auctor neque vitae tempus quam. Fermentum leo vel orci porta non pulvinar neque laoreet suspendisse. Amet luctus venenatis lectus magna fringilla urna porttitor. Enim ut sem viverra aliquet eget. Maecenas ultricies mi eget mauris pharetra et ultrices neque ornare. Tristique magna sit amet purus gravida quis blandit. Tortor pretium viverra suspendisse potenti nullam ac tortor vitae. Etiam sit amet nisl purus in mollis nunc sed.",
              "type": "p",
            },
            Object {
              "instance": null,
              "key": undefined,
              "nodeType": "host",
              "props": Object {
                "children": "Tellus molestie nunc non blandit massa enim nec. Aliquam sem fringilla ut morbi tincidunt augue interdum. Molestie nunc non blandit massa enim nec dui nunc mattis. Sit amet cursus sit amet dictum sit amet justo donec. Est ullamcorper eget nulla facilisi. Aliquam eleifend mi in nulla posuere. Cursus mattis molestie a iaculis. Consequat nisl vel pretium lectus. Elit at imperdiet dui accumsan sit amet. Ac tortor dignissim convallis aenean et tortor at risus. Dui accumsan sit amet nulla facilisi morbi tempus iaculis urna. Id volutpat lacus laoreet non curabitur. Fusce ut placerat orci nulla pellentesque dignissim enim sit amet. Sed viverra tellus in hac habitasse platea. Mus mauris vitae ultricies leo integer malesuada nunc vel risus.",
              },
              "ref": null,
              "rendered": "Tellus molestie nunc non blandit massa enim nec. Aliquam sem fringilla ut morbi tincidunt augue interdum. Molestie nunc non blandit massa enim nec dui nunc mattis. Sit amet cursus sit amet dictum sit amet justo donec. Est ullamcorper eget nulla facilisi. Aliquam eleifend mi in nulla posuere. Cursus mattis molestie a iaculis. Consequat nisl vel pretium lectus. Elit at imperdiet dui accumsan sit amet. Ac tortor dignissim convallis aenean et tortor at risus. Dui accumsan sit amet nulla facilisi morbi tempus iaculis urna. Id volutpat lacus laoreet non curabitur. Fusce ut placerat orci nulla pellentesque dignissim enim sit amet. Sed viverra tellus in hac habitasse platea. Mus mauris vitae ultricies leo integer malesuada nunc vel risus.",
              "type": "p",
            },
            Object {
              "instance": null,
              "key": undefined,
              "nodeType": "host",
              "props": Object {
                "children": "Mauris in aliquam sem fringilla ut. Ut etiam sit amet nisl purus in mollis. Massa ultricies mi quis hendrerit dolor magna eget est. Amet risus nullam eget felis eget nunc lobortis mattis. Quam quisque id diam vel quam elementum pulvinar etiam non. Pretium fusce id velit ut tortor pretium viverra suspendisse potenti. Senectus et netus et malesuada fames ac. Id leo in vitae turpis massa sed elementum tempus. Ultrices dui sapien eget mi. Nascetur ridiculus mus mauris vitae ultricies leo integer malesuada nunc. Mollis aliquam ut porttitor leo a diam. Mauris ultrices eros in cursus turpis massa tincidunt dui ut. In fermentum posuere urna nec tincidunt praesent semper feugiat. Id semper risus in hendrerit gravida rutrum quisque. Lorem sed risus ultricies tristique. Gravida dictum fusce ut placerat orci nulla pellentesque dignissim. Consectetur a erat nam at lectus urna duis.",
              },
              "ref": null,
              "rendered": "Mauris in aliquam sem fringilla ut. Ut etiam sit amet nisl purus in mollis. Massa ultricies mi quis hendrerit dolor magna eget est. Amet risus nullam eget felis eget nunc lobortis mattis. Quam quisque id diam vel quam elementum pulvinar etiam non. Pretium fusce id velit ut tortor pretium viverra suspendisse potenti. Senectus et netus et malesuada fames ac. Id leo in vitae turpis massa sed elementum tempus. Ultrices dui sapien eget mi. Nascetur ridiculus mus mauris vitae ultricies leo integer malesuada nunc. Mollis aliquam ut porttitor leo a diam. Mauris ultrices eros in cursus turpis massa tincidunt dui ut. In fermentum posuere urna nec tincidunt praesent semper feugiat. Id semper risus in hendrerit gravida rutrum quisque. Lorem sed risus ultricies tristique. Gravida dictum fusce ut placerat orci nulla pellentesque dignissim. Consectetur a erat nam at lectus urna duis.",
              "type": "p",
            },
          ],
          "type": "section",
        },
      ],
      "type": "main",
    },
  ],
  Symbol(enzyme.__options__): Object {
    "adapter": ReactSixteenAdapter {
      "options": Object {
        "enableComponentDidUpdateOnSetState": true,
        "lifecycles": Object {
          "componentDidUpdate": Object {
            "onSetState": true,
          },
          "getDerivedStateFromProps": true,
          "getSnapshotBeforeUpdate": true,
          "setState": Object {
            "skipsComponentDidUpdateOnNullish": true,
          },
        },
      },
    },
  },
}
`;
